// Jest Snapshot v1, https://goo.gl/fbAQLP

exports[`icon paragraph renders correctly 1`] = `
.emotion-0 {
  display: -webkit-box;
  display: -webkit-flex;
  display: -ms-flexbox;
  display: flex;
  margin: 1em 0;
  position: relative;
  line-height: 1.25;
  --icon-size: 1.5rem;
}

.emotion-0::after {
  --border-width: 2px;
  content: "";
  position: absolute;
  width: var(--border-width);
  background-color: currentColor;
  bottom: 0;
  top: calc(var(--icon-size) + 0.5rem);
  left: calc((var(--icon-size) - var(--border-width)) / 2);
}

.emotion-1 {
  margin-right: 0.25rem;
  -webkit-flex: 0 0 var(--icon-size);
  -ms-flex: 0 0 var(--icon-size);
  flex: 0 0 var(--icon-size);
  height: var(--icon-size);
}

.emotion-2 {
  margin: 0.125rem 0;
  font-size: 1rem;
  font-family: Inter,-apple-system,BlinkMacSystemFont,"Segoe UI",Roboto,Oxygen,Ubuntu,Cantarell,"Open Sans","Helvetica Neue",Helvetica,sans-serif;
  -webkit-flex: 1;
  -ms-flex: 1;
  flex: 1;
}

.emotion-2 a {
  color: inherit;
  font-weight: 500;
}

<div
  className="emotion-0"
>
  <svg
    className="emotion-1"
    fill="none"
    height={24}
    stroke="currentColor"
    strokeLinecap="round"
    strokeLinejoin="round"
    strokeWidth="2"
    viewBox="0 0 24 24"
    width={24}
    xmlns="http://www.w3.org/2000/svg"
  >
    <circle
      cx="12"
      cy="12"
      r="10"
    />
    <line
      x1="12"
      x2="12"
      y1="16"
      y2="12"
    />
    <line
      x1="12"
      x2="12.01"
      y1="8"
      y2="8"
    />
  </svg>
  <p
    className="emotion-2"
  >
    Sample text
  </p>
</div>
`;
