// Jest Snapshot v1, https://goo.gl/fbAQLP

exports[`<RichText /> test renders as usual 1`] = `
<DocumentFragment>
  .emotion-0 p {
  line-height: 2;
  letter-spacing: 0.00625em;
  overflow-x: hidden;
}

.emotion-0>* {
  margin-top: 1rem;
  margin-bottom: 2rem;
}

.emotion-0 h2 {
  font-size: 1.75rem;
  line-height: 1.2;
  font-weight: 700;
  letter-spacing: -0.025em;
}

@media screen and (min-width: 768px) {
  .emotion-0 h2 {
    font-size: 2rem;
  }
}

@media screen and (min-width: 1024px) {
  .emotion-0 h2 {
    font-size: 2.25rem;
  }
}

.emotion-0 h3 {
  font-size: 1.375rem;
  line-height: 1.5;
}

@media screen and (min-width: 768px) {
  .emotion-0 h3 {
    font-size: 1.5rem;
  }
}

.emotion-0 li {
  margin-bottom: 0.5rem;
  line-height: 1.7;
}

.emotion-0 hr {
  border: 0;
  border-top: 1px solid var(--color-border-primary);
}

.emotion-1 {
  color: inherit;
  -webkit-text-decoration: underline;
  text-decoration: underline;
}

.emotion-1:hover {
  color: var(--link-color);
}

.emotion-2 {
  --figure-margin-x: 0px;
  --figure-margin-y: 4rem;
  margin: var(--figure-margin-y) var(--figure-margin-x);
}

@media screen and (min-width: 480px) {
  .emotion-2 {
    --figure-margin-x: -2rem;
  }
}

@media screen and (min-width: 768px) {
  .emotion-2 {
    --figure-margin-x: -3rem;
  }
}

.emotion-3 {
  width: 100%;
  border-radius: 0.5rem;
}

.emotion-4 {
  text-align: center;
  margin: 0;
  margin-top: 0.625rem;
  color: var(--color-text-tertiary);
  font-size: 0.8125rem;
  line-height: 1.5;
  letter-spacing: 0.00625em;
}

.emotion-5 {
  overflow-x: auto;
  -webkit-overflow-scrolling: touch;
}

.emotion-6 {
  border: 1px solid var(--color-border-primary);
  border-spacing: 0;
  border-radius: 0.5rem;
  overflow: hidden;
}

.emotion-6 tr:not(:last-child) td,
.emotion-6 thead th {
  border-bottom: 1px solid var(--color-border-primary);
}

.emotion-6 tbody tr {
  -webkit-transition: background-color 0.2s ease;
  transition: background-color 0.2s ease;
}

.emotion-6 tbody tr:nth-of-type(2n + 1) {
  background: var(--color-bg-secondary);
}

.emotion-6 tbody tr:hover {
  background: var(--color-border-primary);
}

.emotion-6 td,
.emotion-6 th {
  padding: 0.75rem;
  text-align: left;
}

.emotion-6 td:not(:last-child),
.emotion-6 th:not(:last-child) {
  border-right: 1px solid var(--color-border-primary);
}

.emotion-6 th {
  font-weight: 700;
}

.emotion-8 {
  position: relative;
  display: block;
  width: 100%;
  overflow: hidden;
}

.emotion-8::before {
  padding-top: 56.25rem;
  display: block;
  content: "";
}

.emotion-9 {
  position: absolute;
  top: 0;
  right: 0;
  bottom: 0;
  left: 0;
  border: 0;
  width: 100%;
  height: 100%;
}

.emotion-10 {
  margin: 0;
  padding: 0;
  color: var(--color-highlight);
  font-family: IBM Plex Mono,monospace;
  font-size: 1.5rem;
  font-weight: 400;
  margin-top: 1rem;
  margin-bottom: 2rem;
  line-height: 1.5;
}

@media screen and (min-width: 768px) {
  .emotion-10 {
    padding: 2rem 3rem;
  }
}

<div
    class="emotion-0"
  >
    <h1>
      Title
    </h1>
    <h2>
      Smaller title
    </h2>
    <p>
      
  How does it handle
  multiple
  lines?

    </p>
    <a
      class="emotion-1"
      href="https://www.youtube.com/watch?v=dQw4w9WgXcQ"
    >
      Cool video
    </a>
    <div
      class="emotion-2"
    >
      <img
        class="emotion-3"
        loading="lazy"
        src="https://media1.tenor.com/images/467d353f7e2d43563ce13fddbb213709/tenor.gif?itemid=12136175"
      />
      <figcaption
        class="emotion-4"
      >
        my favorite gif
      </figcaption>
    </div>
    <div
      class="emotion-5"
    >
      <table
        class="emotion-6"
      >
        <thead>
          <tr>
            <th>
              Company
            </th>
            <th>
              Contact
            </th>
            <th>
              Country
            </th>
          </tr>
        </thead>
        <tbody>
          <tr>
            <td>
              Alfreds Futterkiste
            </td>
            <td>
              Maria Anders
            </td>
            <td>
              Germany
            </td>
          </tr>
          <tr>
            <td>
              Centro comercial Moctezuma
            </td>
            <td>
              Francisco Chang
            </td>
            <td>
              Mexico
            </td>
          </tr>
        </tbody>
      </table>
    </div>
    <div
      class="emotion-2"
    >
      <div
        class="emotion-8"
      >
        <iframe
          allowfullscreen=""
          class="emotion-9"
          src="https://www.youtube.com/embed/IvUU8joBb1Q"
        />
      </div>
    </div>
    <blockquote
      class="emotion-10"
    >
      deep quote
    </blockquote>
  </div>
</DocumentFragment>
`;

exports[`<RichText /> test returns a skeleton if there is no HTML 1`] = `
<DocumentFragment>
  @keyframes animation-0 {
  0% {
    -webkit-background-position: 200% 0;
    background-position: 200% 0;
  }

  100% {
    -webkit-background-position: -200% 0;
    background-position: -200% 0;
  }
}

@keyframes animation-0 {
  0% {
    -webkit-background-position: 200% 0;
    background-position: 200% 0;
  }

  100% {
    -webkit-background-position: -200% 0;
    background-position: -200% 0;
  }
}

.emotion-0 p {
  line-height: 2;
  letter-spacing: 0.00625em;
  overflow-x: hidden;
}

.emotion-0>* {
  margin-top: 1rem;
  margin-bottom: 2rem;
}

.emotion-0 h2 {
  font-size: 1.75rem;
  line-height: 1.2;
  font-weight: 700;
  letter-spacing: -0.025em;
}

@media screen and (min-width: 768px) {
  .emotion-0 h2 {
    font-size: 2rem;
  }
}

@media screen and (min-width: 1024px) {
  .emotion-0 h2 {
    font-size: 2.25rem;
  }
}

.emotion-0 h3 {
  font-size: 1.375rem;
  line-height: 1.5;
}

@media screen and (min-width: 768px) {
  .emotion-0 h3 {
    font-size: 1.5rem;
  }
}

.emotion-0 li {
  margin-bottom: 0.5rem;
  line-height: 1.7;
}

.emotion-0 hr {
  border: 0;
  border-top: 1px solid var(--color-border-primary);
}

.emotion-1 {
  background-color: var(--skeleton-base);
  background-image: linear-gradient(270deg, var(--skeleton-base), var(--skeleton-highlight), var(--skeleton-base));
  background-repeat: no-repeat;
  -webkit-background-size: 200% 100%;
  background-size: 200% 100%;
  -webkit-animation: animation-0 2s ease-in-out infinite;
  animation: animation-0 2s ease-in-out infinite;
  border-radius: 0.3125rem;
  display: inline-block;
  line-height: 1;
  width: 100%;
}

.emotion-7 {
  background-color: var(--skeleton-base);
  background-image: linear-gradient(270deg, var(--skeleton-base), var(--skeleton-highlight), var(--skeleton-base));
  background-repeat: no-repeat;
  -webkit-background-size: 200% 100%;
  background-size: 200% 100%;
  -webkit-animation: animation-0 2s ease-in-out infinite;
  animation: animation-0 2s ease-in-out infinite;
  border-radius: 0.3125rem;
  display: inline-block;
  line-height: 1;
  width: 100%;
  height: 20rem;
}

<div
    class="emotion-0"
  >
    <h2>
      <span>
        <span
          class="emotion-1"
        >
          ‌
        </span>
      </span>
    </h2>
    <p>
      <span>
        <span
          class="emotion-1"
        >
          ‌
        </span>
        <span
          class="emotion-1"
        >
          ‌
        </span>
        <span
          class="emotion-1"
        >
          ‌
        </span>
        <span
          class="emotion-1"
        >
          ‌
        </span>
        <span
          class="emotion-1"
        >
          ‌
        </span>
      </span>
    </p>
    <span
      class="emotion-7"
    />
  </div>
</DocumentFragment>
`;
